{
    "ltm": {
        "iRules": [],
        "iapps": [],
        "internalDataGroups": [],
        "l7Policies": [],
        "monitors": [],
        "pools": [
            {
                "loadBalancingMode": "round-robin",
                "members": [
                    {
                        "address": "172.16.0.5",
                        "port": 30008,
                        "session": "user-enabled"
                    }
                ],
                "name": "invalid_sslProfile0_configmap"
            },
            {
                "loadBalancingMode": "round-robin",
                "members": [
                    {
                        "address": "172.16.0.6",
                        "port": 30009,
                        "session": "user-enabled"
                    }
                ],
                "name": "invalid_sslProfile1_configmap"
            }
        ],
        "virtualServers": [
            {
                "destination": "/test/10.128.10.240:5051",
                "enabled": true,
                "ipProtocol": "tcp",
                "name": "invalid_sslProfile0_configmap",
                "pool": "invalid_sslProfile0_configmap",
                "profiles": [
                    {
                        "context": "all",
                        "name": "tcp",
                        "partition": "Common"
                    }
                ],
                "sourceAddressTranslation": {
                    "type": "automap"
                }
            },
            {
                "destination": "/test/10.128.10.241:5052",
                "enabled": true,
                "ipProtocol": "udp",
                "name": "invalid_sslProfile1_configmap",
                "pool": "invalid_sslProfile1_configmap",
                "sourceAddressTranslation": {
                    "type": "automap"
                }
            }
        ]
    },
    "network": {}
}
