{
    "ltm": {
        "iRules": [],
        "iapps": [],
        "internalDataGroups": [],
        "l7Policies": [],
        "monitors": [
            {
                "interval": 10,
                "name": "default_configmap_0_tcp",
                "send": "GET /",
                "timeout": 20,
                "type": "tcp"
            },
            {
                "interval": 4,
                "name": "default_configmap_1_0_http",
                "send": "GET /",
                "timeout": 5,
                "type": "http"
            }
        ],
        "pools": [
            {
                "loadBalancingMode": "round-robin",
                "members": [
                    {
                        "address": "172.16.0.5",
                        "port": 30008,
                        "session": "user-enabled"
                    },
                    {
                        "address": "172.16.0.6",
                        "port": 30008,
                        "session": "user-enabled"
                    }
                ],
                "monitors": [
                    "/test/default_configmap_0_tcp",
                    "/test/default_configmap_1_0_http"
                ],
                "name": "default_configmap"
            }
        ],
        "virtualServers": [
            {
                "destination": "/test/FE80::1.5051",
                "enabled": true,
                "ipProtocol": "tcp",
                "name": "default_configmap",
                "pool": "/test/default_configmap",
                "profiles": [
                    {
                        "context": "clientside",
                        "name": "clientssl",
                        "partition": "Common"
                    },
                    {
                        "context": "clientside",
                        "name": "clientssl-secure",
                        "partition": "Common"
                    },
                    {
                        "context": "all",
                        "name": "tcp",
                        "partition": "Common"
                    }
                ],
                "sourceAddressTranslation": {
                    "type": "automap"
                }
            }
        ]
    },
    "network": {}
}
