{
    "ltm": {
        "iRules": [],
        "iapps": [
            {
                "name": "default_configmap",
                "options": {
                    "description": "This is a test iApp",
                    "trafficGroup": "/Common/traffic-group-local-only"
                },
                "poolMemberTable": {
                    "columns": [
                        {
                            "kind": "IPAddress",
                            "name": "addr"
                        },
                        {
                            "kind": "Port",
                            "name": "port"
                        },
                        {
                            "name": "connection_limit",
                            "value": "0"
                        }
                    ],
                    "members": [
                        {
                            "address": "172.16.0.5",
                            "port": 30008,
                            "session": "user-enabled"
                        }
                    ],
                    "name": "pool__members"
                },
                "template": "/Common/f5.http",
                "variables": {
                    "monitor__monitor": "/#create_new#",
                    "monitor__response": "none",
                    "monitor__uri": "/",
                    "net__client_mode": "wan",
                    "net__server_mode": "lan",
                    "pool__addr": "10.128.10.240",
                    "pool__pool_to_use": "/#create_new#",
                    "pool__port": "8080"
                }
            }
        ],
        "internalDataGroups": [],
        "l7Policies": [],
        "monitors": [],
        "pools": [],
        "virtualServers": []
    },
    "network": {}
}
